C51 COMPILER V9.59.0.0   HANDLEMODE                                                        12/16/2025 00:08:36 PAGE 1   


C51 COMPILER V9.59.0.0, COMPILATION OF MODULE HANDLEMODE
OBJECT MODULE PLACED IN .\Objects\handlemode.obj
COMPILER INVOKED BY: D:\software\keil\C51\BIN\C51.EXE handlemode.c OPTIMIZE(8,SPEED) BROWSE DEBUG OBJECTEXTEND PRINT(.\L
                    -istings\handlemode.lst) TABS(2) OBJECT(.\Objects\handlemode.obj)

line level    source

   1          #include <REGX52.H>
   2          #include "lcd1602.h"
   3          #include "key.h"
   4          #include <intrins.h>
   5          #include "globalvars.h"
   6          #include "delay.h"
   7          #include "show.h"
   8          #include "handlemode.h"
   9          #include "modeswitch.h"
  10          // 日历模式处理
  11          void handle_calendar_mode(unsigned char key) 
  12          {
  13   1          show_calendar();
  14   1          
  15   1          if(!set_flag) 
  16   1          {
  17   2              if(key == 1) 
  18   2              {
  19   3                  mode_switch();
  20   3              } else if(key == 2) 
  21   2              {
  22   3                  set_flag = 1;
  23   3              }
  24   2          } 
  25   1          else 
  26   1          {
  27   2              if(key == 2) 
  28   2              {
  29   3                  select_pos = (select_pos + 1) % 6;
  30   3              } 
  31   2              else if(key == 3) 
  32   2              {
  33   3                  calendar[select_pos]++;
  34   3                  if(select_pos == 1 && calendar[1] > 12) calendar[1] = 1;
  35   3                  if(select_pos == 2 && calendar[2] > 31) calendar[2] = 1;
  36   3                  if(select_pos == 3 && calendar[3] > 23) calendar[3] = 0;
  37   3                  if(select_pos >= 4 && calendar[select_pos] > 59) calendar[select_pos] = 0;
  38   3              } 
  39   2              else if(key == 4)
  40   2              {
  41   3                  calendar[select_pos]--;
  42   3                  if(select_pos == 1 && calendar[1] < 1) calendar[1] = 12;
  43   3                  if(select_pos == 2 && calendar[2] < 1) calendar[2] = 31;
  44   3                  if(select_pos == 3 && calendar[3] < 0) calendar[3] = 23;
  45   3                  if(select_pos >= 4 && calendar[select_pos] < 0) calendar[select_pos] = 59;
  46   3              } 
  47   2              else if(key == 1) 
  48   2              {
  49   3                  set_flag = 0;
  50   3                  select_pos = 0;
  51   3                  LCD_WriteCommand(0x01);
  52   3                  show_calendar();
  53   3              }
  54   2          }
C51 COMPILER V9.59.0.0   HANDLEMODE                                                        12/16/2025 00:08:36 PAGE 2   

  55   1      }
  56          //***************************************************************************
  57          // 倒计时模式处理
  58          void handle_countdown_mode(unsigned char key) 
  59          {
  60   1          show_countdown();
  61   1        
  62   1          if(set_flag) 
  63   1          {
  64   2              if(key == 1) 
  65   2              {
  66   3                  set_flag = 0;
  67   3                  select_pos = 0;
  68   3              } 
  69   2              else if(key == 2) 
  70   2              {
  71   3                  select_pos = (select_pos + 1) % 3;
  72   3              } 
  73   2              else if(key == 3) 
  74   2              {
  75   3                  countdown[select_pos]++;
  76   3                  if(select_pos == 0 && countdown[0] > 23) countdown[0] = 0;
  77   3                  if(select_pos >= 1 && countdown[select_pos] > 59) countdown[select_pos] = 0;
  78   3              } 
  79   2              else if(key == 4) 
  80   2              {
  81   3                  countdown[select_pos]--;
  82   3                  if(select_pos == 0 && countdown[0] < 0) countdown[0] = 23;
  83   3                  if(select_pos >= 1 && countdown[select_pos] < 0) countdown[select_pos] = 59;
  84   3              }
  85   2          } 
  86   1          else 
  87   1          {
  88   2              if(key == 1) 
  89   2              {
  90   3                  mode_switch();
  91   3              } 
  92   2              else if(key == 2)
  93   2              {
  94   3                  if(countdown[0] > 0 || countdown[1] > 0 || countdown[2] > 0) 
  95   3                  {
  96   4                      countdown_running = !countdown_running;
  97   4                  }
  98   3              } 
  99   2              else if(key == 3) 
 100   2              {
 101   3                  set_flag = 1;
 102   3                  select_pos = 0;
 103   3              }
 104   2          }
 105   1      }
 106          //***************************************************************************
 107          
 108          // 秒表模式处理
 109          void handle_stopwatch_mode(unsigned char key) 
 110          {
 111   1          static unsigned int base_ms = 0;       // 基准毫秒数（启动时记录）
 112   1          static unsigned char refresh_cnt = 0;  // 刷新控制（每10ms刷新一次）
 113   1          static bit save_prompt_flag = 0;       // 保存成功提示标志
 114   1          static unsigned int prompt_cnt = 0;    // 提示计数（控制显示时长）
 115   1      
 116   1          // 1ms中断触发，更新毫秒数
C51 COMPILER V9.59.0.0   HANDLEMODE                                                        12/16/2025 00:08:36 PAGE 3   

 117   1          if (flag_1ms)   
 118   1          {
 119   2              flag_1ms = 0;  // 立即清零，防止重复处理
 120   2              
 121   2              if (stopwatch_running) 
 122   2              {
 123   3                  // 当前毫秒 = 总毫秒 - 基准毫秒
 124   3                  stopwatch[3] = ms_cnt - base_ms;
 125   3      
 126   3                  // 毫秒进位到秒（1000ms = 1秒）
 127   3                  if (stopwatch[3] >= 1000) 
 128   3                  {
 129   4                      stopwatch[3] -= 1000;  // 剩余毫秒
 130   4                      base_ms += 1000;       // 基准同步
 131   4                      stopwatch[2]++;        // 秒+1
 132   4      
 133   4                      // 秒进位到分
 134   4                      if (stopwatch[2] >= 60) 
 135   4                      {
 136   5                          stopwatch[2] = 0;
 137   5                          stopwatch[1]++;    // 分+1
 138   5      
 139   5                          // 分进位到时
 140   5                          if (stopwatch[1] >= 60) 
 141   5                          {
 142   6                              stopwatch[1] = 0;
 143   6                              stopwatch[0]++;  // 时+1
 144   6                              if (stopwatch[0] >= 24) stopwatch[0] = 0;
 145   6                          }
 146   5                      }
 147   4                  }
 148   3              }
 149   2      
 150   2              // 保存提示显示控制（显示500ms后自动消失）
 151   2              if (save_prompt_flag) 
 152   2              {
 153   3                  prompt_cnt++;
 154   3                  if (prompt_cnt >= 500) 
 155   3                  {  // 500ms后关闭提示
 156   4                      save_prompt_flag = 0;
 157   4                      prompt_cnt = 0;
 158   4                  }
 159   3              }
 160   2      
 161   2              // 每10ms刷新一次显示（平衡精度与视觉）
 162   2              refresh_cnt++;
 163   2              if (refresh_cnt >= 10) 
 164   2              {
 165   3                  refresh_cnt = 0;
 166   3                  show_stopwatch();
 167   3                  // 显示保存成功提示（叠加在秒表显示上）
 168   3                  if (save_prompt_flag) 
 169   3                  {
 170   4                      LCD_ShowString(2, 1, "Save OK!");
 171   4                  } 
 172   3                  else
 173   3                  {
 174   4                      LCD_ShowString(2, 1, "        ");  // 清除提示
 175   4                  }
 176   3              }
 177   2          }
 178   1      
C51 COMPILER V9.59.0.0   HANDLEMODE                                                        12/16/2025 00:08:36 PAGE 4   

 179   1          // 按键操作时立即刷新
 180   1          if (key != 0) 
 181   1          {
 182   2              show_stopwatch();
 183   2          }
 184   1      
 185   1          // 按键处理
 186   1          switch(key)   
 187   1          {
 188   2              case 1:  // K1切换模式
 189   2                  mode_switch();
 190   2                  save_prompt_flag = 0;  // 切换模式时清除提示
 191   2                  prompt_cnt = 0;
 192   2                  break;
 193   2              case 2:  // K2启动/暂停
 194   2                  if (!stopwatch_running) 
 195   2                  {
 196   3                      base_ms = ms_cnt;       // 记录当前总毫秒
 197   3                      stopwatch[3] = 0;       // 从0开始计数
 198   3                      stopwatch_running = 1;
 199   3                  } 
 200   2                  else 
 201   2                  {
 202   3                      stopwatch_running = 0;  // 暂停
 203   3                  }
 204   2                  save_prompt_flag = 0;  // 操作时清除提示
 205   2                  prompt_cnt = 0;
 206   2                  break;
 207   2              case 3:  // K3保存记录（修改：允许计时期间保存，循环覆盖）
 208   2                  // 计时中或暂停时都可保存（根据需求调整，这里保留两种场景）
 209   2                  {
 210   3                      // 保存当前秒表时间（时/分/秒，忽略毫秒）
 211   3                      records[record_idx][0] = stopwatch[0];
 212   3                      records[record_idx][1] = stopwatch[1];
 213   3                      records[record_idx][2] = stopwatch[2];
 214   3      
 215   3                      // 更新记录数和下次保存索引（循环覆盖逻辑）
 216   3                      if (record_cnt < 3)
 217   3                      {
 218   4                          record_cnt++;  // 未存满3条，记录数+1
 219   4                      }
 220   3                      record_idx = (record_idx + 1) % 3;  // 索引循环（0→1→2→0）
 221   3      
 222   3                      // 显示保存成功提示
 223   3                      save_prompt_flag = 1;
 224   3                      prompt_cnt = 0;
 225   3                  }
 226   2                  break;
 227   2              case 4:  // K4清零
 228   2                  if (!stopwatch_running)
 229   2                  {
 230   3                      stopwatch[0] = stopwatch[1] = stopwatch[2] = 0;
 231   3                      stopwatch[3] = 0;
 232   3                      base_ms = ms_cnt;  // 基准同步当前时间
 233   3                  }
 234   2                  save_prompt_flag = 0;  // 操作时清除提示
 235   2                  prompt_cnt = 0;
 236   2                  break;
 237   2          }
 238   1      }
 239          //***************************************************************************
 240          
C51 COMPILER V9.59.0.0   HANDLEMODE                                                        12/16/2025 00:08:36 PAGE 5   

 241          // 查看记录模式处理
 242          void handle_view_record_mode(unsigned char key) 
 243          {
 244   1          // 仅在有按键时才处理并刷新显示，无按键时不做任何操作
 245   1          if(key == 1) 
 246   1          {
 247   2              // 返回上一模式，清屏并切换
 248   2              LCD_WriteCommand(0x01);
 249   2              mode_switch();
 250   2          } 
 251   1          else if(key == 3 && record_cnt > 0) 
 252   1          {
 253   2              // 切换下一条记录，更新后刷新
 254   2              view_idx = (view_idx + 1) % record_cnt;
 255   2              show_records();  // 仅切换时刷新
 256   2          } 
 257   1          else if(key == 4 && record_cnt > 0) 
 258   1          {
 259   2              // 切换上一条记录，更新后刷新
 260   2              view_idx = (view_idx + record_cnt - 1) % record_cnt;
 261   2              show_records();  // 仅切换时刷新
 262   2          }
 263   1      }


MODULE INFORMATION:   STATIC OVERLAYABLE
   CODE SIZE        =   1082    ----
   CONSTANT SIZE    =     18    ----
   XDATA SIZE       =   ----    ----
   PDATA SIZE       =   ----    ----
   DATA SIZE        =      5       4
   IDATA SIZE       =   ----    ----
   BIT SIZE         =      1    ----
END OF MODULE INFORMATION.


C51 COMPILATION COMPLETE.  0 WARNING(S),  0 ERROR(S)
