<html>
<body>
<pre>
<h1>礦ision Build Log</h1>
<h2>Tool Versions:</h2>
IDE-Version: μVision V5.24.2.0
Copyright (C) 2017 ARM Ltd and ARM Germany GmbH. All rights reserved.
License Information: a c'z'w'x'k'n, a, LIC=FYKYW-Q4UFH-IIH5V-PDSJ9-17VGC-1BRJR
 
Tool Versions:
Toolchain:       MDK-ARM Plus  Version: 5.24.1
Toolchain Path:  D:\software\keil\ARM\ARMCC\Bin
C Compiler:      Armcc.exe V5.06 update 5 (build 528)
Assembler:       Armasm.exe V5.06 update 5 (build 528)
Linker/Locator:  ArmLink.exe V5.06 update 5 (build 528)
Library Manager: ArmAr.exe V5.06 update 5 (build 528)
Hex Converter:   FromElf.exe V5.06 update 5 (build 528)
CPU DLL:         SARMCM3.DLL V5.24.1
Dialog DLL:      DCM.DLL V1.16.0.0
Target DLL:      STLink\ST-LINKIII-KEIL_SWO.dll V3.0.1.0
Dialog DLL:      TCM.DLL V1.32.0.0
 
<h2>Project:</h2>
D:\study\DevelopmentCode\STM32MCU\PROJECT\STM32-WATCH-main\STM32-WATCH-main\Keil完整代码\完整代码（有注释）\Project.uvprojx
Project File Date:  06/20/2025

<h2>Output:</h2>
*** Using Compiler 'V5.06 update 5 (build 528)', folder: 'D:\software\keil\ARM\ARMCC\Bin'
Build target 'Target 1'
assembling startup_stm32f10x_md.s...
compiling core_cm3.c...
compiling system_stm32f10x.c...
compiling stm32f10x_iwdg.c...
compiling stm32f10x_adc.c...
compiling stm32f10x_gpio.c...
compiling stm32f10x_exti.c...
compiling stm32f10x_pwr.c...
compiling stm32f10x_bkp.c...
compiling stm32f10x_i2c.c...
compiling stm32f10x_wwdg.c...
compiling stm32f10x_dac.c...
compiling stm32f10x_dma.c...
compiling MyRTC.c...
compiling OLED_Data.c...
compiling stm32f10x_cec.c...
compiling Timer.c...
compiling stm32f10x_rtc.c...
compiling stm32f10x_sdio.c...
compiling stm32f10x_can.c...
compiling stm32f10x_fsmc.c...
compiling stm32f10x_spi.c...
compiling stm32f10x_rcc.c...
compiling misc.c...
compiling stm32f10x_dbgmcu.c...
compiling stm32f10x_crc.c...
compiling Delay.c...
compiling stm32f10x_flash.c...
compiling Key.c...
compiling stm32f10x_usart.c...
compiling SetTime.c...
Hardware\SetTime.c(281): warning:  #1-D: last line of file ends without a newline
  }
Hardware\SetTime.c: 1 warning, 0 errors
compiling menu.c...
Hardware\SetTime.h(4): warning:  #1-D: last line of file ends without a newline
  #endif
Hardware\menu.h(16): warning:  #1-D: last line of file ends without a newline
  #endif
Hardware\menu.c(710): warning:  #1-D: last line of file ends without a newline
  }
Hardware\menu.c: 4 warnings, 0 errors
compiling LED.c...
compiling MPU6050.c...
compiling AD.c...
compiling MyI2C.c...
compiling main.c...
.\Hardware\menu.h(16): warning:  #1-D: last line of file ends without a newline
  #endif
.\Hardware\dino.h(7): warning:  #1-D: last line of file ends without a newline
  #endif
User\main.c: 2 warnings, 0 errors
compiling dino.c...
Hardware\dino.c(186): warning:  #1-D: last line of file ends without a newline
  }
Hardware\dino.c: 1 warning, 0 errors
compiling stm32f10x_tim.c...
compiling OLED.c...
compiling stm32f10x_it.c...
linking...
Program Size: Code=27882 RO-data=9918 RW-data=164 ZI-data=2932  
".\Objects\Project.axf" - 0 Error(s), 7 Warning(s).

<h2>Software Packages used:</h2>

Package Vendor: Keil
                http://www.keil.com/pack/Keil.STM32F1xx_DFP.2.2.0.pack
                Keil.STM32F1xx_DFP.2.2.0
                STMicroelectronics STM32F1 Series Device Support, Drivers and Examples

<h2>Collection of Component include folders:</h2>
  .\RTE\_Target_1
  D:\software\keil\ARM\PACK\Keil\STM32F1xx_DFP\2.2.0\Device\Include

<h2>Collection of Component Files used:</h2>
Build Time Elapsed:  00:00:07
</pre>
</body>
</html>
